I/r.habitv8.debug(15577): Background young concurrent mark compact GC freed 13MB AllocSpace bytes, 29(10MB) LOS objects, 76% free, 7593KB/31MB, paused 875us,13.232ms total 91.774ms
I/r.habitv8.debug(15577): Background concurrent mark compact GC freed 13MB AllocSpace bytes, 39(12MB) LOS objects, 79% free, 6209KB/30MB, paused 1.136ms,9.914ms total 111.962ms
I/r.habitv8.debug(15577): Background young concurrent mark compact GC freed 12MB AllocSpace bytes, 30(10156KB) LOS objects, 72% free, 8413KB/30MB, paused 769us,13.269ms total 92.760ms
I/r.habitv8.debug(15577): Background concurrent mark compact GC freed 12MB AllocSpace bytes, 34(12MB) LOS objects, 80% free, 5769KB/29MB, paused 1.194ms,8.602ms total 131.627ms
I/r.habitv8.debug(15577): Background young concurrent mark compact GC freed 14MB AllocSpace bytes, 33(9380KB) LOS objects, 77% free, 6905KB/29MB, paused 902us,12.472ms total 93.169ms
I/r.habitv8.debug(15577): Background concurrent mark compact GC freed 12MB AllocSpace bytes, 34(11MB) LOS objects, 77% free, 7209KB/31MB, paused 942us,13.131ms total 147.540ms
I/r.habitv8.debug(15577): Background young concurrent mark compact GC freed 13MB AllocSpace bytes, 31(11MB) LOS objects, 78% free, 6933KB/31MB, paused 844us,6.866ms total 68.323ms
I/r.habitv8.debug(15577): Background concurrent mark compact GC freed 14MB AllocSpace bytes, 32(11MB) LOS objects, 80% free, 6141KB/29MB, paused 1.338ms,11.854ms total 137.610ms
I/r.habitv8.debug(15577): Background young concurrent mark compact GC freed 13MB AllocSpace bytes, 35(10MB) LOS objects, 74% free, 7741KB/29MB, paused 857us,13.071ms total 97.740ms
I/r.habitv8.debug(15577): Background concurrent mark compact GC freed 12MB AllocSpace bytes, 33(11MB) LOS objects, 78% free, 6673KB/30MB, paused 1.140ms,12.230ms total 142.467ms
I/r.habitv8.debug(15577): Background young concurrent mark compact GC freed 13MB AllocSpace bytes, 30(10MB) LOS objects, 75% free, 7501KB/30MB, paused 1.037ms,12.814ms total 77.807ms
I/r.habitv8.debug(15577): Background concurrent mark compact GC freed 13MB AllocSpace bytes, 32(12MB) LOS objects, 80% free, 6013KB/29MB, paused 1.770ms,13.712ms total 147.930ms
I/r.habitv8.debug(15577): Background young concurrent mark compact GC freed 14MB AllocSpace bytes, 29(9340KB) LOS objects, 76% free, 7273KB/29MB, paused 881us,12.620ms total 95.078ms
I/r.habitv8.debug(15577): Background concurrent mark compact GC freed 13MB AllocSpace bytes, 37(11MB) LOS objects, 79% free, 6405KB/30MB, paused 1.027ms,12.936ms total 141.411ms
I/r.habitv8.debug(15577): Background young concurrent mark compact GC freed 13MB AllocSpace bytes, 30(9940KB) LOS objects, 74% free, 8041KB/30MB, paused 880us,12.587ms total 99.519ms
I/r.habitv8.debug(15577): Background concurrent mark compact GC freed 13MB AllocSpace bytes, 31(10MB) LOS objects, 77% free, 7317KB/31MB, paused 951us,13.473ms total 152.234ms
I/r.habitv8.debug(15577): Background young concurrent mark compact GC freed 13MB AllocSpace bytes, 29(9392KB) LOS objects, 71% free, 9157KB/31MB, paused 820us,12.470ms total 93.312ms
I/r.habitv8.debug(15577): Background concurrent mark compact GC freed 13MB AllocSpace bytes, 32(11MB) LOS objects, 75% free, 7773KB/31MB, paused 1.201ms,14.629ms total 146.468ms
I/r.habitv8.debug(15577): Background young concurrent mark compact GC freed 14MB AllocSpace bytes, 30(10MB) LOS objects, 75% free, 7985KB/31MB, paused 1.403ms,13.234ms total 88.080ms
I/r.habitv8.debug(15577): Background concurrent mark compact GC freed 14MB AllocSpace bytes, 32(12MB) LOS objects, 79% free, 6153KB/30MB, paused 1.133ms,13.480ms total 146.623ms
I/r.habitv8.debug(15577): Background young concurrent mark compact GC freed 14MB AllocSpace bytes, 27(9356KB) LOS objects, 76% free, 7297KB/30MB, paused 1.306ms,13.331ms total 96.279ms
I/r.habitv8.debug(15577): Background concurrent mark compact GC freed 13MB AllocSpace bytes, 33(11MB) LOS objects, 80% free, 6029KB/29MB, paused 705us,11.322ms total 103.916ms
I/r.habitv8.debug(15577): Background young concurrent mark compact GC freed 14MB AllocSpace bytes, 27(9388KB) LOS objects, 76% free, 7269KB/29MB, paused 1.069ms,10.184ms total 80.486ms
I/r.habitv8.debug(15577): Background concurrent mark compact GC freed 13MB AllocSpace bytes, 33(11MB) LOS objects, 79% free, 6217KB/30MB, paused 1.289ms,14.119ms total 146.064ms
I/r.habitv8.debug(15577): Background young concurrent mark compact GC freed 14MB AllocSpace bytes, 27(9408KB) LOS objects, 75% free, 7401KB/30MB, paused 986us,13.875ms total 97.473ms
I/r.habitv8.debug(15577): Background concurrent mark compact GC freed 14MB AllocSpace bytes, 36(11MB) LOS objects, 78% free, 6749KB/30MB, paused 1.501ms,8.317ms total 300.383ms
I/r.habitv8.debug(15577): Background young concurrent mark compact GC freed 14MB AllocSpace bytes, 29(9544KB) LOS objects, 74% free, 7865KB/30MB, paused 858us,20.944ms total 97.294ms